==============================
GBA Emulator Test Suite
==============================

=== CPU Basic Tests ===
[PASS] PC initialized to 0x08000000
[PASS] SP initialized to 0x03007F00
[PASS] CPU starts in ARM mode

=== ROM Execution Test: ../gba-tests/arm/arm.gba ===
[PASS] ROM loaded

--- Initial State ---
=== CPU State ===
R0: 0x00000000  R1: 0x00000000  R2: 0x00000000  R3: 0x00000000
R4: 0x00000000  R5: 0x00000000  R6: 0x00000000  R7: 0x00000000
R8: 0x00000000  R9: 0x00000000  R10: 0x00000000  R11: 0x00000000
R12: 0x00000000  R13: 0x03007f00  R14: 0x00000000  R15: 0x08000000
CPSR: 0x0000001f
Mode: ARM

--- Running 100 cycles ---
=== CPU State ===
R0: 0x00000001  R1: 0x00000002  R2: 0x00000000  R3: 0x00000000
R4: 0x00000000  R5: 0x00000000  R6: 0x00000000  R7: 0x00000000
R8: 0x00000000  R9: 0x00000000  R10: 0x00000000  R11: 0x00000000
R12: 0x00000000  R13: 0x03007f00  R14: 0x080002cc  R15: 0x080002dc
CPSR: 0x1000001f
Mode: ARM
=== I/O Registers ===
DISPCNT:  0x0404
DISPSTAT: 0x0004
VCOUNT:   0x0000

--- Running 1000 cycles ---
=== CPU State ===
R0: 0x04000000  R1: 0x00000004  R2: 0x0000000f  R3: 0x00000000
R4: 0x00000000  R5: 0x00000000  R6: 0x00000000  R7: 0x00000000
R8: 0x00000040  R9: 0x00000000  R10: 0x00000000  R11: 0x00000000
R12: 0x000000df  R13: 0x03007ef8  R14: 0x080002cc  R15: 0x08001d64
CPSR: 0x4000001f
Mode: ARM
=== I/O Registers ===
DISPCNT:  0x0404
DISPSTAT: 0x0004
VCOUNT:   0x0000

--- Running 10000 cycles ---
=== CPU State ===
R0: 0x04000000  R1: 0x00090000  R2: 0x0000000f  R3: 0x00000000
R4: 0x00000000  R5: 0x00000000  R6: 0x00000000  R7: 0x00000000
R8: 0x00000040  R9: 0x00000000  R10: 0x00000000  R11: 0x00000000
R12: 0x000000df  R13: 0x03007ef8  R14: 0x080002cc  R15: 0x08001d68
CPSR: 0x4000001f
Mode: ARM
=== I/O Registers ===
DISPCNT:  0x0404
DISPSTAT: 0x0000
VCOUNT:   0x0009

--- Running 500000 cycles ---
=== I/O Registers ===
DISPCNT:  0x0404
DISPSTAT: 0x0001
VCOUNT:   0x00ba
=== Palette ===
ffff 0000 ffff 0000 0000 0000 0000 0000 
0000 0000 0000 0000 0000 0000 0000 0000 
0000 0000 0000 0000 0000 0000 0000 0000 
0000 0000 0000 0000 0000 0000 0000 0000 
[PASS] Palette has data
[PASS] VRAM has data

--- VRAM Sample (first 64 bytes) ---
=== VRAM @ 0x0 ===
00 00 00 00 00 00 00 00 00 00 00 00 00 00 00 00 
00 00 00 00 00 00 00 00 00 00 00 00 00 00 00 00 
00 00 00 00 00 00 00 00 00 00 00 00 00 00 00 00 
00 00 00 00 00 00 00 00 00 00 00 00 00 00 00 00 


--- Final State ---
=== CPU State ===
R0: 0x08000ae0  R1: 0x0000000f  R2: 0x0000000f  R3: 0x00000000
R4: 0x00000000  R5: 0x00000000  R6: 0x00000000  R7: 0x00000000
R8: 0x00000040  R9: 0x00000000  R10: 0x00000000  R11: 0x00000000
R12: 0x000000df  R13: 0x03007f00  R14: 0x08001f50  R15: 0x08001ec4
CPSR: 0x6000001f
Mode: ARM

==============================
Tests Complete
==============================
